<html>
<body>
<pre>
<h1>µVision Build Log</h1>
<h2>Tool Versions:</h2>
IDE-Version: ¦ÌVision V5.14.0.0
Copyright (C) 2015 ARM Ltd and ARM Germany GmbH. All rights reserved.
License Information: xd xd, xd, LIC=2TTTG-VEMDA-8YXVV-PZWYH-QI6FG-QR57I
 
Tool Versions:
Toolchain:       MDK-ARM Professional  Version: 5.14.0.0
Toolchain Path:  d:\software\Keil_v5\ARM\ARMCC\Bin
C Compiler:      Armcc.exe V5.05 update 1 (build 106)
Assembler:       Armasm.exe V5.05 update 1 (build 106)
Linker/Locator:  ArmLink.exe V5.05 update 1 (build 106)
Library Manager: ArmAr.exe V5.05 update 1 (build 106)
Hex Converter:   FromElf.exe V5.05 update 1 (build 106)
CPU DLL:         SARMCM3.DLL V5.14.0.0
Dialog DLL:      DCM.DLL V1.13.1.0
Target DLL:      UL2CM3.DLL V1.155.0.0
Dialog DLL:      TCM.DLL V1.14.4.0
 
<h2>Project:</h2>
D:\project\STM32F4-Discovery\rtt\bsp\stm32f40x\project.uvprojx
Project File Date:  04/28/2015

<h2>Output:</h2>
Build target 'rt-thread_stm32f4xx'
compiling mqtt_test.c...
applications\mqtt_test.c(13): warning:  #177-D: variable "dev" was declared but never referenced
        BorgDev* dev; 
applications\mqtt_test.c: 1 warning, 0 errors
linking...
Program Size: Code=191044 RO-data=6608 RW-data=864 ZI-data=25712  
FromELF: creating hex file...
After Build - User command #1: fromelf --bin .\build\rtthread-stm32f4xx.axf --output rtthread.bin
".\build\rtthread-stm32f4xx.axf" - 0 Error(s), 1 Warning(s).

<h2>Collection of Component include folders:</h2>
  D:\project\STM32F4-Discovery\rtt\bsp\stm32f40x\RTE
  d:\software\Keil_v5\ARM\PACK\Keil\STM32F4xx_DFP\2.4.0

<h2>Collection of Component Files used:</h2>
</pre>
</body>
</html>
